<Level>
    <EditorSession>
        <Performance CamClipPlanes="0.05 1000" LightsActive="true" PSActive="true" ShowFog="true" ShowSkybox="true" WorldReflection="true" />
        <ViewportConfig BGColor="0.2 0.2 0.2 1" GAmbientLight="false" GPointLight="true" GridSnap="true" GridSnapSeparation="0.25" SelectedViewport="3" UsingEnlargedViewport="true">
            <Viewport CameraPosition="15.75 1.49999 192.5" CameraTarget="15.75 1.49999 12.5" CameraZoom="2.49507" GridHeight="12.5" GridPlane="2" Preset="0" RenderMode="1" ShowAxes="true" ShowGrid="true" UsingLTCam="true" />
            <Viewport CameraPosition="195.75 1.49999 12.5" CameraTarget="15.75 1.49999 12.5" CameraZoom="2.49507" GridHeight="15.75" GridPlane="0" Preset="1" RenderMode="1" ShowAxes="true" ShowGrid="true" UsingLTCam="true" />
            <Viewport CameraPosition="15.7486 180 12.519" CameraTarget="15.7486 0 12.519" CameraZoom="2.92561" GridHeight="0" GridPlane="1" Preset="2" RenderMode="1" ShowAxes="true" ShowGrid="true" UsingLTCam="true" />
            <Viewport CameraPosition="12.833 6.63116 13.0248" CameraTarget="15.75 0 12.5" CameraZoom="1.92918" GridHeight="0" GridPlane="1" Preset="3" RenderMode="0" ShowAxes="true" ShowGrid="true" UsingLTCam="true" />
        </ViewportConfig>
        <Groups>
            <Group ID="0" Name="None" Visible="true" />
        </Groups>
    </EditorSession>
    <MapData FogActive="false" FogColor="1 1 1 1" FogCulling="true" FogEnd="20" FogFalloffExp="1" FogStart="0" GlobalDecalMaxTris="300" Name="" SkyBoxActive="false" SkyBoxColor="1 1 1 1" SkyBoxTexture="../../../../../">
        <MapContents>
            <FileIndex_StaticObjects NumOfFiles="7">
                <File Id="0" Path="static_objects/mansionbase/wall/default.dae" />
                <File Id="1" Path="static_objects/mansionbase/wall/default_secret.dae" />
                <File Id="2" Path="static_objects/mansionbase/wall/default_stairs_01.DAE" />
                <File Id="3" Path="static_objects/mansionbase/wall/welder.dae" />
                <File Id="4" Path="static_objects/mansionbase/wall/default_wood_panneling.DAE" />
                <File Id="5" Path="static_objects/mansionbase/wall/door_way.dae" />
                <File Id="6" Path="static_objects/mansionbase/wall/door_frame.dae" />
            </FileIndex_StaticObjects>
            <FileIndex_Entities NumOfFiles="1">
                <File Id="0" Path="entities/door/mansion/mansion.ent" />
            </FileIndex_Entities>
            <FileIndex_Decals NumOfFiles="0" />
            <StaticObjects>
                <StaticObject CastShadows="true" Collides="true" FileIndex="0" Group="0" ID="5" Name="wall_default_1" Rotation="0 -0 0" Scale="1 1 1" Tag="" WorldPos="5 0 0" />
                <StaticObject CastShadows="true" Collides="true" FileIndex="0" Group="0" ID="6" Name="wall_default_2" Rotation="0 -0 0" Scale="1 1 1" Tag="" WorldPos="9 0 0" />
                <StaticObject CastShadows="true" Collides="true" FileIndex="0" Group="0" ID="7" Name="wall_default_3" Rotation="0 -0 0" Scale="1 1 1" Tag="" WorldPos="13 0 0" />
                <StaticObject CastShadows="true" Collides="true" FileIndex="2" Group="0" ID="9" Name="wall_default_stairs_2" Rotation="0 -0 0" Scale="1 1 1" Tag="" WorldPos="8 0 3.75" />
                <StaticObject CastShadows="true" Collides="true" FileIndex="3" Group="0" ID="10" Name="wall_welder_1" Rotation="0 -0 0" Scale="1 1 1" Tag="" WorldPos="16.25 0 0.25" />
                <StaticObject CastShadows="true" Collides="true" FileIndex="1" Group="0" ID="11" Name="wall_default_secret_1" Rotation="3.14159 -1.5708 3.14159" Scale="1 1 1" Tag="" WorldPos="16.75 0 1.75" />
                <StaticObject CastShadows="true" Collides="true" FileIndex="4" Group="0" ID="12" Name="wall_default_wood_panneling_1" Rotation="3.14159 -1.5708 3.14159" Scale="1 1 1" Tag="" WorldPos="16.75 0 6" />
                <StaticObject CastShadows="true" Collides="true" FileIndex="0" Group="0" ID="13" Name="wall_default_4" Rotation="3.14159 4.44253e-006 3.14159" Scale="1 1 1" Tag="" WorldPos="13 0 24" />
                <StaticObject CastShadows="true" Collides="true" FileIndex="0" Group="0" ID="14" Name="wall_default_5" Rotation="3.14159 4.44253e-006 3.14159" Scale="1 1 1" Tag="" WorldPos="9 0 24" />
                <StaticObject CastShadows="true" Collides="true" FileIndex="4" Group="0" ID="15" Name="wall_default_wood_panneling_2" Rotation="3.14159 -1.5708 3.14159" Scale="1 1 1" Tag="" WorldPos="16.75 0 10" />
                <StaticObject CastShadows="true" Collides="true" FileIndex="5" Group="0" ID="16" Name="wall_door_way_1" Rotation="3.14159 -1.5708 3.14159" Scale="1 1 1" Tag="" WorldPos="16.75 0 14" />
                <StaticObject CastShadows="true" Collides="true" FileIndex="6" Group="0" ID="17" Name="wall_door_frame_1" Rotation="3.14159 -1.5708 3.14159" Scale="1 1 1" Tag="" WorldPos="17.25 0 14" />
            </StaticObjects>
            <Primitives>
                <Plane Active="true" AlignToWorldCoords="false" CastShadows="false" Collides="true" Corner1UV="0 24" Corner2UV="0 0" Corner3UV="16.75 0" Corner4UV="16.75 24" EndCorner="16.75 0 24" Group="0" ID="0" Material="C:/GOG Galaxy/Games/Amnesia - A Machine For Pigs/redist/static_objects/mansionbase/floor/polished_floorboards.mat" Name="Plane" Rotation="0 0 0" Scale="1 1 1" StartCorner="0 0 0" Tag="" TextureAngle="0" TileAmount="1 1 1" TileOffset="0 0 0" WorldPos="0 0 0" />
            </Primitives>
            <Decals />
            <Entities>
                <Area Active="true" AreaType="PlayerStart" Group="0" ID="1" Mesh="" Name="PlayerStartArea_1" Rotation="0 -0 0" Scale="3 1 1.5" Tag="" WorldPos="3.75 0.5 4.5">
                    <UserVariables />
                </Area>
                <BoxLight Active="true" BlendFunc="0" CastShadows="false" DiffuseColor="1 1 1 1" FalloffMap="" FlickerActive="false" FlickerFade="false" FlickerOffColor="0 0 0 1" FlickerOffFadeMaxLength="0" FlickerOffFadeMinLength="0" FlickerOffMaxLength="0" FlickerOffMinLength="0" FlickerOffPS="" FlickerOffRadius="0" FlickerOffSound="" FlickerOnFadeMaxLength="0" FlickerOnFadeMinLength="0" FlickerOnMaxLength="0" FlickerOnMinLength="0" FlickerOnPS="" FlickerOnSound="" Gobo="" GoboAnimFrameTime="0" GoboAnimMode="None" Group="0" ID="3" Name="BoxLight_1" Radius="1" Rotation="0 -0 0" Scale="26.5 6.5 32.25" ShadowResolution="High" ShadowsAffectDynamic="true" ShadowsAffectStatic="true" Size="26.5 6.5 32.25" Tag="" WorldPos="9 3 15.75" />
                <Entity Active="true" FileIndex="0" Group="0" ID="18" Name="mansion_1" Rotation="0 1.5708 0" Scale="1 1 1" Tag="" WorldPos="17 0 14">
                    <UserVariables>
                        <Var Name="CastShadows" Value="true" />
                        <Var Name="StaticPhysics" Value="false" />
                        <Var Name="IsAffectedByDecal" Value="false" />
                        <Var Name="CallbackFunc" Value="" />
                        <Var Name="ConnectedProps" Value="" />
                        <Var Name="ConnectionStateChangeCallback" Value="" />
                        <Var Name="FullGameSave" Value="false" />
                        <Var Name="PlayerLookAtCallback" Value="" />
                        <Var Name="PlayerLookAtCallbackAutoRemove" Value="false" />
                        <Var Name="PlayerInteractCallback" Value="" />
                        <Var Name="PlayerInteractCallbackAutoRemove" Value="false" />
                        <Var Name="Locked" Value="false" />
                        <Var Name="OpenAmount" Value="0" />
                        <Var Name="DisableBreakable" Value="false" />
                    </UserVariables>
                </Entity>
            </Entities>
            <Misc />
            <StaticObjectCombos />
        </MapContents>
    </MapData>
</Level>
